// Jest Snapshot v1, https://goo.gl/fbAQLP

exports[`UnauthenticatedApp component renders a .UnauthenticatedApp by default 1`] = `
<main
  className="App"
>
  <Switch>
    <Route
      component={[Function]}
      exact={true}
      path="/"
    />
    <Route
      component={[Function]}
      path="/login"
    />
    <Route
      component={[Function]}
      path="/register"
    />
    <Route
      component={[Function]}
    />
  </Switch>
</main>
`;
