// Jest Snapshot v1, https://goo.gl/fbAQLP

exports[`RegistrationPage component renders a .RegistrationPage by default 1`] = `
<div
  className="main"
>
  <h1
    className="title"
  >
    Sign up
  </h1>
  <div
    className="container"
  >
    <RegistrationForm
      onRegistrationSuccess={[Function]}
    />
    <p
      className="sub"
    >
      Already have an account? 
      <Link
        to="/login"
      >
        Sign in
      </Link>
    </p>
  </div>
</div>
`;
