// Jest Snapshot v1, https://goo.gl/fbAQLP

exports[`LoginPage component renders a .LoginPage by default 1`] = `
<div
  className="main"
>
  <h1
    className="title"
  >
    Sign in
  </h1>
  <div
    className="container"
  >
    <LoginForm
      onLoginSuccess={[Function]}
    />
    <p
      className="sub"
    >
      Don't have an account? 
      <Link
        to="/register"
      >
        Sign up
      </Link>
    </p>
  </div>
</div>
`;
