// Jest Snapshot v1, https://goo.gl/fbAQLP

exports[`CompletedListPage component renders a .CompletedListPage by default 1`] = `
<div
  className="container"
>
  <main
    className="content"
  >
    <Header
      title="Completed"
    />
    <div
      className="listContainer"
    >
      <CompletedListTools
        setQuery={[Function]}
      />
      <br />
      <CompletedListBody
        currentSort="date-desc"
        renderCompletedItems={[Function]}
        setSort={[Function]}
      />
    </div>
  </main>
  <NavBar />
</div>
`;
