// Jest Snapshot v1, https://goo.gl/fbAQLP

exports[`NavBar component renders a .NavBar by default 1`] = `
<div
  className="navWrap"
>
  <button
    className=" burger "
    onClick={[Function]}
  >
    <i
      className="fas fa-bars"
    />
  </button>
  <nav
    className="nav "
    role="navigation"
  >
    <img
      alt="logo"
      className="logo"
      src="coordinator-logo.png"
    />
    <ul
      className="tabList"
    >
      <NavLink
        className="tab"
        to="/main"
      >
        <li
          className="tabContent"
        >
          <i
            className="fas fa-list-alt"
          />
          <span
            className="tabTitle"
          >
            List
          </span>
        </li>
      </NavLink>
      <NavLink
        className="tab"
        to="/completed"
      >
        <li
          className="tabContent"
        >
          <i
            className="fas fa-check-square"
          />
          <span
            className="tabTitle"
          >
            Completed
          </span>
        </li>
      </NavLink>
      <NavLink
        className="tab"
        to="/dashboard"
      >
        <li
          className="tabContent"
        >
          <i
            className="fas fa-chart-pie"
          />
          <span
            className="tabTitle"
          >
            Dashboard
          </span>
        </li>
      </NavLink>
      <NavLink
        className="tab"
        to="email"
      >
        <li
          className="tabContent"
        >
          <i
            className="fas fa-envelope"
          />
          <span
            className="tabTitle"
          >
            Templates
          </span>
        </li>
      </NavLink>
      <NavLink
        className="tab"
        to="account"
      >
        <li
          className="tabContent"
        >
          <i
            className="fas fa-user-circle"
          />
          <span
            className="tabTitle"
          >
            Account
          </span>
        </li>
      </NavLink>
    </ul>
  </nav>
  <div
    className="overlay hidden"
    onClick={[Function]}
  />
</div>
`;
