// Jest Snapshot v1, https://goo.gl/fbAQLP

exports[`NewTemplateForm component renders a .NewTemplateForm by default 1`] = `
<main>
  <form
    onSubmit={[Function]}
  >
    <h3>
      New Template Form
    </h3>
    <div>
      <label
        htmlFor="template_name"
      >
        Name: 
      </label>
      <Input
        class="block"
        id="template_name"
        type="text"
      />
    </div>
    <div>
      <label
        htmlFor="template_subject"
      >
        Subject: 
      </label>
      <Input
        class="block"
        id="template_subject"
        type="text"
      />
    </div>
    <div>
      <label
        htmlFor="template_body"
      >
        Body: 
      </label>
      <Textarea
        cols="100"
        id="template_body"
        name="template_body"
        rows="30"
      />
    </div>
    <Button>
      Cancel
    </Button>
    <Button
      type="submit"
    >
      Save Template
    </Button>
  </form>
</main>
`;
