// Jest Snapshot v1, https://goo.gl/fbAQLP

exports[`DashboardPage component renders a .DashboardPage by default 1`] = `
<div
  className="container"
>
  <main
    className="content"
  >
    <Header
      title="Dashboard"
    />
    <div
      className="dashboard"
    >
      <div
        className="statSection"
      >
        <section
          className="dashboardContainer statContainer"
        >
          <p
            className="statName"
          >
            Current pending requests
          </p>
          <p
            className="stat"
          />
        </section>
        <section
          className="dashboardContainer statContainer"
        >
          <p
            className="statName"
          >
            Completion rate of new requests
          </p>
          <p
            className="stat"
          >
            %
          </p>
        </section>
        <section
          className="dashboardContainer statContainer"
        >
          <p
            className="statName"
          >
            Average request completion time
          </p>
          <p
            className="stat"
          >
            <span
              className="time"
            >
              Hours
            </span>
             
            <span
              className="time"
            >
              Minutes
            </span>
          </p>
        </section>
      </div>
      <div
        className="chartSection"
      >
        <section
          className="dashboardContainer chartContainer"
        >
          <h2>
            Requests by PM
          </h2>
          <PieChartWrapper />
        </section>
        <section
          className="dashboardContainer chartContainer"
        >
          <h2>
            Created Requests
          </h2>
          <div
            className="radioContainer"
          >
            <form
              className="typeRadio"
            >
              <input
                className="radioButton"
                defaultChecked="checked"
                id="created"
                name="type"
                onChange={[Function]}
                type="radio"
                value="created"
              />
              <label
                className="radioLabel first"
                htmlFor="created"
              >
                 Created
              </label>
              <input
                className="radioButton"
                id="completed"
                name="type"
                onChange={[Function]}
                type="radio"
                value="completed"
              />
              <label
                className="radioLabel last"
                htmlFor="completed"
              >
                 Completed
              </label>
            </form>
            <form
              className="spanRadio"
            >
              <input
                className="radioButton"
                defaultChecked="checked"
                id="days"
                name="span"
                onChange={[Function]}
                type="radio"
                value="days"
              />
              <label
                className="radioLabel first"
                htmlFor="days"
              >
                 Day
              </label>
              <input
                className="radioButton"
                id="weeks"
                name="span"
                onChange={[Function]}
                type="radio"
                value="weeks"
              />
              <label
                className="radioLabel middle"
                htmlFor="weeks"
              >
                 Week
              </label>
              <input
                className="radioButton"
                id="months"
                name="span"
                onChange={[Function]}
                type="radio"
                value="months"
              />
              <label
                className="radioLabel last"
                htmlFor="months"
              >
                 Month
              </label>
            </form>
          </div>
          <ChartWrapper
            color="blue"
            dataType="created_days"
          />
        </section>
      </div>
    </div>
  </main>
  <NavBar
    className="nav"
  />
</div>
`;
