// Jest Snapshot v1, https://goo.gl/fbAQLP

exports[`LoginForm component renders a .LoginForm by default 1`] = `
<main>
  <form
    className="LoginForm"
    onSubmit={[Function]}
  >
    <div
      role="alert"
    />
    <div
      className="formGroup"
    >
      <label
        className="label"
        htmlFor="email"
      >
        Email
      </label>
      <Input
        className="input"
        id="login-email"
        name="email"
        required={true}
        type="text"
      />
    </div>
    <div
      className="formGroup"
    >
      <label
        className="label"
        htmlFor="password"
      >
        Password
      </label>
      <Input
        className="input"
        id="login-password"
        name="password"
        required={true}
        type="password"
      />
    </div>
    <Link
      to="/"
    >
      <Button
        className="button cancel"
        type="button"
      >
        Cancel
      </Button>
    </Link>
    <Button
      className="button sign"
      type="submit"
    >
      Sign in
    </Button>
  </form>
</main>
`;
