// Jest Snapshot v1, https://goo.gl/fbAQLP

exports[`Completed List Item component renders a .CompletedListItem by default 1`] = `
<div
  className="tableRow"
>
  <div
    className="tableBodyCell project"
  />
  <div
    className="tableBodyCell advisor"
  />
  <div
    className="tableBodyCell pm"
  />
  <div
    className="tableBodyCell date hideMobile"
  >
    Invalid Date
  </div>
  <div
    className="tableBodyCell actions"
  >
    <button
      className="revertButton"
      onClick={[Function]}
    >
      Revert
    </button>
  </div>
</div>
`;
