// Jest Snapshot v1, https://goo.gl/fbAQLP

exports[`Completed List Tools component renders a .CompletedListTools by default 1`] = `
<div
  className="tools"
>
  <div>
    <label
      htmlFor="search"
    >
      Search: 
    </label>
    <Input
      id="search"
      onChange={[Function]}
      type="text"
    />
  </div>
</div>
`;
