// Jest Snapshot v1, https://goo.gl/fbAQLP

exports[`Authenticated App component renders a .AuthenticatedApp by default 1`] = `
<ContextProvider
  value={
    Object {
      "addItem": [Function],
      "addItemById": [Function],
      "addPm": [Function],
      "addTemplate": [Function],
      "completedListItems": Array [],
      "data": Object {
        "pm_data": Array [],
        "time_completed_data": Array [],
        "timespan_data": Array [],
      },
      "dateOptions": Object {
        "day": "numeric",
        "month": "short",
      },
      "deleteItem": [Function],
      "deletePm": [Function],
      "deleteTemplate": [Function],
      "listItems": Array [],
      "loading": true,
      "pms": Array [],
      "revertCompleted": [Function],
      "setInitialState": [Function],
      "setLoggedIn": undefined,
      "templates": Array [],
      "updateItem": [Function],
      "updateItemStatus": [Function],
      "updateTemplate": [Function],
      "user": Array [],
    }
  }
>
  <main>
    <Switch>
      <Route
        component={[Function]}
        path="/main"
      />
      <Route
        component={[Function]}
        path="/completed"
      />
      <Route
        component={[Function]}
        path="/dashboard"
      />
      <Route
        component={[Function]}
        path="/account"
      />
      <Route
        component={[Function]}
        path="/add-item"
      />
      <Route
        component={[Function]}
        path="/edit-item/:id"
      />
      <Route
        component={[Function]}
        path="/new-template"
      />
      <Route
        component={[Function]}
        path="/email"
      />
      <Route
        component={[Function]}
      />
    </Switch>
  </main>
</ContextProvider>
`;
